yum install expat-devel

# failed to execute /bin/csh:
yum install tcsh

$ yum install nfs-utils
$ vi /etc/fstab
10.1.0.5:/moc/data /moc/data nfs defaults 0 0
10.1.0.5:/moc/products /moc/products nfs defaults 0 0
10.1.0.5:/moc/software /moc/software nfs defaults 0 0
10.1.0.5:/moc/tlm /moc/tlm nfs defaults 0 0

feds@mmsfeds1 /home/feds $ cp /f/opr/env/* .
feds@mmsfeds1 /home/feds $ cp /f/opr/env/.* .

$ shutdown -r now
# copied /home/centos/.ssh/authorized_keys to /home/feds
$ chown -R feds:ASIST .ssh

$ ssh feds@est-dev-mms-feds-1

# libxml2.so.2: cannot open shared object file: No such file or directory
yum install libxml2-2.9.1-5.el7_1.2.i686

# xml_value: Fatal - can't access XML file "/mission/config_data/feds.xml"
# See /f/opr/config_data/feds.xml.proto

$ vi /etc/hosts
10.4.0.5    est-dev-mms-feds-1.novalocal est-dev-mms-feds-1 mmsfeds1

sudo hostnamectl set-hostname mmsfeds1

$ vi /f/opr/scripts/gmsec_env_csh_setup
setenv GMSEC_API_VER API_3.6.3
setenv GMSEC_DIR /moc/software/i686/gmsec

vi /home/feds/gmsec_config.txt
# See /f/opr/db/gmsec_config.txt

vi /home/feds/.login
source /moc/software/env/asist.sh

#./gmpub  error while loading shared libraries: libstdc++.so.6: cannot open shared object
yum install libstdc++-4.8.5-4.el7.x86_64
yum install libstdc++-4.8.5-4.el7.i686

vi /moc/software/env/feds.sh
vi /home/feds/.login
source /moc/software/env/feds.sh

yum install xterm
yum install libglade2-2.6.4-11.el7.i686

# to add swap space, first create volume in OpenStack, then attach to instance
sudo fdisk /dev/vdb # create swap partition; n p 1 <enter> <enter> t 82 w
sudo mkswap /dev/vdb1
sudo swapon /dev/vdb1
sudo vi /etc/fstab # /dev/vdb1 swap swap defaults 0 0

